new message

djdhjd
dkjdjd